[{"stream_name":"stdout","time":1.7681529280000001,"data":"📦 Installing packages (fastapi, uvicorn, pyngrok)...\n"}
,{"stream_name":"stdout","time":10.335869549,"data":"✅ Done\n"}
,{"stream_name":"stdout","time":10.335909109,"data":"\n"}
,{"stream_name":"stdout","time":48.745217448,"data":"✅ HF_TOKEN found\n"}
,{"stream_name":"stdout","time":48.745272663,"data":"\n"}
,{"stream_name":"stdout","time":48.745281281,"data":"🤖 Loading google/gemma-2-2b-it...\n"}
,{"stream_name":"stderr","time":48.768752113,"data":"/usr/local/lib/python3.12/dist-packages/torch/cuda/__init__.py:435: UserWarning: \n"}
,{"stream_name":"stderr","time":48.768786226,"data":"    Found GPU0 Tesla P100-PCIE-16GB which is of cuda capability 6.0.\n"}
,{"stream_name":"stderr","time":48.768792821,"data":"    Minimum and Maximum cuda capability supported by this version of PyTorch is\n"}
,{"stream_name":"stderr","time":48.768798051,"data":"    (7.0) - (12.0)\n"}
,{"stream_name":"stderr","time":48.768803065,"data":"    \n"}
,{"stream_name":"stderr","time":48.768808074,"data":"  queued_call()\n"}
,{"stream_name":"stderr","time":48.768813428,"data":"/usr/local/lib/python3.12/dist-packages/torch/cuda/__init__.py:435: UserWarning: \n"}
,{"stream_name":"stderr","time":48.768818503,"data":"    Please install PyTorch with a following CUDA\n"}
,{"stream_name":"stderr","time":48.768823572,"data":"    configurations:  12.6 following instructions at\n"}
,{"stream_name":"stderr","time":48.768828167,"data":"    https://pytorch.org/get-started/locally/\n"}
,{"stream_name":"stderr","time":48.768833371,"data":"    \n"}
,{"stream_name":"stderr","time":48.768838538,"data":"  queued_call()\n"}
,{"stream_name":"stderr","time":48.769026199,"data":"/usr/local/lib/python3.12/dist-packages/torch/cuda/__init__.py:435: UserWarning: \n"}
,{"stream_name":"stderr","time":48.769040713,"data":"Tesla P100-PCIE-16GB with CUDA capability sm_60 is not compatible with the current PyTorch installation.\n"}
,{"stream_name":"stderr","time":48.769045779,"data":"The current PyTorch install supports CUDA capabilities sm_70 sm_75 sm_80 sm_86 sm_90 sm_100 sm_120.\n"}
,{"stream_name":"stderr","time":48.769055583,"data":"If you want to use the Tesla P100-PCIE-16GB GPU with PyTorch, please check the instructions at https://pytorch.org/get-started/locally/\n"}
,{"stream_name":"stderr","time":48.769060672,"data":"\n"}
,{"stream_name":"stderr","time":48.769065863,"data":"  queued_call()\n"}
,{"stream_name":"stdout","time":48.769557604,"data":"   GPU: Tesla P100-PCIE-16GB\n"}
,{"stream_name":"stdout","time":48.769573163,"data":"   VRAM available: 17.1 GB\n"}
,{"stream_name":"stdout","time":48.769578538,"data":"\n"}
,{"stream_name":"stderr","time":49.187659672,"data":"Traceback (most recent call last):\n"}
,{"stream_name":"stderr","time":49.18770091,"data":"  File \"/usr/local/lib/python3.12/dist-packages/huggingface_hub/utils/_http.py\", line 657, in hf_raise_for_status\n"}
,{"stream_name":"stderr","time":49.187952943,"data":"    response.raise_for_status()\n"}
,{"stream_name":"stderr","time":49.187961661,"data":"  File \"/usr/local/lib/python3.12/dist-packages/httpx/_models.py\", line 829, in raise_for_status\n"}
,{"stream_name":"stderr","time":49.19120984,"data":"    raise HTTPStatusError(message, request=request, response=self)\n"}
,{"stream_name":"stderr","time":49.191226462,"data":"httpx.HTTPStatusError: Client error '403 Forbidden' for url 'https://huggingface.co/google/gemma-2-2b-it/resolve/main/config.json'\n"}
,{"stream_name":"stderr","time":49.191232729,"data":"For more information check: https://developer.mozilla.org/en-US/docs/Web/HTTP/Status/403\n"}
,{"stream_name":"stderr","time":49.191262835,"data":"\n"}
,{"stream_name":"stderr","time":49.191290912,"data":"The above exception was the direct cause of the following exception:\n"}
,{"stream_name":"stderr","time":49.191295359,"data":"\n"}
,{"stream_name":"stderr","time":49.191298776,"data":"Traceback (most recent call last):\n"}
,{"stream_name":"stderr","time":49.191305581,"data":"  File \"/usr/local/lib/python3.12/dist-packages/transformers/utils/hub.py\", line 419, in cached_files\n"}
,{"stream_name":"stderr","time":49.191537485,"data":"    hf_hub_download(\n"}
,{"stream_name":"stderr","time":49.19154442,"data":"  File \"/usr/local/lib/python3.12/dist-packages/huggingface_hub/utils/_validators.py\", line 89, in _inner_fn\n"}
,{"stream_name":"stderr","time":49.191661878,"data":"    return fn(*args, **kwargs)\n"}
,{"stream_name":"stderr","time":49.191723694,"data":"           ^^^^^^^^^^^^^^^^^^^\n"}
,{"stream_name":"stderr","time":49.191779233,"data":"  File \"/usr/local/lib/python3.12/dist-packages/huggingface_hub/file_download.py\", line 1032, in hf_hub_download\n"}
,{"stream_name":"stderr","time":49.192126108,"data":"    return _hf_hub_download_to_cache_dir(\n"}
,{"stream_name":"stderr","time":49.192202806,"data":"           ^^^^^^^^^^^^^^^^^^^^^^^^^^^^^^\n"}
,{"stream_name":"stderr","time":49.192209642,"data":"  File \"/usr/local/lib/python3.12/dist-packages/huggingface_hub/file_download.py\", line 1183, in _hf_hub_download_to_cache_dir\n"}
,{"stream_name":"stderr","time":49.192630071,"data":"    _raise_on_head_call_error(head_call_error, force_download, local_files_only)\n"}
,{"stream_name":"stderr","time":49.192660008,"data":"  File \"/usr/local/lib/python3.12/dist-packages/huggingface_hub/file_download.py\", line 1812, in _raise_on_head_call_error\n"}
,{"stream_name":"stderr","time":49.193144359,"data":"    raise head_call_error\n"}
,{"stream_name":"stderr","time":49.193150477,"data":"  File \"/usr/local/lib/python3.12/dist-packages/huggingface_hub/file_download.py\", line 1699, in _get_metadata_or_catch_error\n"}
,{"stream_name":"stderr","time":49.193634548,"data":"    metadata = get_hf_file_metadata(\n"}
,{"stream_name":"stderr","time":49.193676431,"data":"               ^^^^^^^^^^^^^^^^^^^^^\n"}
,{"stream_name":"stderr","time":49.193682143,"data":"  File \"/usr/local/lib/python3.12/dist-packages/huggingface_hub/utils/_validators.py\", line 89, in _inner_fn\n"}
,{"stream_name":"stderr","time":49.193843606,"data":"    return fn(*args, **kwargs)\n"}
,{"stream_name":"stderr","time":49.193900075,"data":"           ^^^^^^^^^^^^^^^^^^^\n"}
,{"stream_name":"stderr","time":49.193960955,"data":"  File \"/usr/local/lib/python3.12/dist-packages/huggingface_hub/file_download.py\", line 1622, in get_hf_file_metadata\n"}
,{"stream_name":"stderr","time":49.194442646,"data":"    response = _httpx_follow_relative_redirects(\n"}
,{"stream_name":"stderr","time":49.194552756,"data":"               ^^^^^^^^^^^^^^^^^^^^^^^^^^^^^^^^^\n"}
,{"stream_name":"stderr","time":49.194564081,"data":"  File \"/usr/local/lib/python3.12/dist-packages/huggingface_hub/file_download.py\", line 309, in _httpx_follow_relative_redirects\n"}
,{"stream_name":"stderr","time":49.194737626,"data":"    hf_raise_for_status(response)\n"}
,{"stream_name":"stderr","time":49.194743993,"data":"  File \"/usr/local/lib/python3.12/dist-packages/huggingface_hub/utils/_http.py\", line 677, in hf_raise_for_status\n"}
,{"stream_name":"stderr","time":49.195040232,"data":"    raise _format(GatedRepoError, message, response) from e\n"}
,{"stream_name":"stderr","time":49.195045808,"data":"huggingface_hub.errors.GatedRepoError: 403 Client Error. (Request ID: Root=1-69d3ef03-5a5ae5751507b6f321aefef9;1272a1a6-591b-4c67-a8bb-1f7e2796de3e)\n"}
,{"stream_name":"stderr","time":49.195057566,"data":"\n"}
,{"stream_name":"stderr","time":49.195061237,"data":"Cannot access gated repo for url https://huggingface.co/google/gemma-2-2b-it/resolve/main/config.json.\n"}
,{"stream_name":"stderr","time":49.195064977,"data":"Access to model google/gemma-2-2b-it is restricted and you are not in the authorized list. Visit https://huggingface.co/google/gemma-2-2b-it to ask for access.\n"}
,{"stream_name":"stderr","time":49.195069122,"data":"\n"}
,{"stream_name":"stderr","time":49.19508227,"data":"The above exception was the direct cause of the following exception:\n"}
,{"stream_name":"stderr","time":49.195086772,"data":"\n"}
,{"stream_name":"stderr","time":49.195090579,"data":"Traceback (most recent call last):\n"}
,{"stream_name":"stderr","time":49.195094688,"data":"  File \"/kaggle/src/script.py\", line 61, in \u003cmodule\u003e\n"}
,{"stream_name":"stderr","time":49.195286726,"data":"    pipe = pipeline(\n"}
,{"stream_name":"stderr","time":49.195301558,"data":"           ^^^^^^^^^\n"}
,{"stream_name":"stderr","time":49.195366228,"data":"  File \"/usr/local/lib/python3.12/dist-packages/transformers/pipelines/__init__.py\", line 734, in pipeline\n"}
,{"stream_name":"stderr","time":49.195760647,"data":"    config = AutoConfig.from_pretrained(\n"}
,{"stream_name":"stderr","time":49.195789933,"data":"             ^^^^^^^^^^^^^^^^^^^^^^^^^^^\n"}
,{"stream_name":"stderr","time":49.195831223,"data":"  File \"/usr/local/lib/python3.12/dist-packages/transformers/models/auto/configuration_auto.py\", line 1356, in from_pretrained\n"}
,{"stream_name":"stderr","time":49.196216311,"data":"    config_dict, unused_kwargs = PreTrainedConfig.get_config_dict(pretrained_model_name_or_path, **kwargs)\n"}
,{"stream_name":"stderr","time":49.196477914,"data":"                                 ^^^^^^^^^^^^^^^^^^^^^^^^^^^^^^^^^^^^^^^^^^^^^^^^^^^^^^^^^^^^^^^^^^^^^^^^^\n"}
,{"stream_name":"stderr","time":49.196493982,"data":"  File \"/usr/local/lib/python3.12/dist-packages/transformers/configuration_utils.py\", line 569, in get_config_dict\n"}
,{"stream_name":"stderr","time":49.196749051,"data":"    config_dict, kwargs = cls._get_config_dict(pretrained_model_name_or_path, **kwargs)\n"}
,{"stream_name":"stderr","time":49.196942226,"data":"                          ^^^^^^^^^^^^^^^^^^^^^^^^^^^^^^^^^^^^^^^^^^^^^^^^^^^^^^^^^^^^^\n"}
,{"stream_name":"stderr","time":49.1969933,"data":"  File \"/usr/local/lib/python3.12/dist-packages/transformers/configuration_utils.py\", line 624, in _get_config_dict\n"}
,{"stream_name":"stderr","time":49.197274244,"data":"    resolved_config_file = cached_file(\n"}
,{"stream_name":"stderr","time":49.197336187,"data":"                           ^^^^^^^^^^^^\n"}
,{"stream_name":"stderr","time":49.197386319,"data":"  File \"/usr/local/lib/python3.12/dist-packages/transformers/utils/hub.py\", line 276, in cached_file\n"}
,{"stream_name":"stderr","time":49.197561657,"data":"    file = cached_files(path_or_repo_id=path_or_repo_id, filenames=[filename], **kwargs)\n"}
,{"stream_name":"stderr","time":49.197771678,"data":"           ^^^^^^^^^^^^^^^^^^^^^^^^^^^^^^^^^^^^^^^^^^^^^^^^^^^^^^^^^^^^^^^^^^^^^^^^^^^^^\n"}
,{"stream_name":"stderr","time":49.197828052,"data":"  File \"/usr/local/lib/python3.12/dist-packages/transformers/utils/hub.py\", line 483, in cached_files\n"}
,{"stream_name":"stderr","time":49.198044074,"data":"    raise OSError(\n"}
,{"stream_name":"stderr","time":49.19805089,"data":"OSError: You are trying to access a gated repo.\n"}
,{"stream_name":"stderr","time":49.198055592,"data":"Make sure to have access to it at https://huggingface.co/google/gemma-2-2b-it.\n"}
,{"stream_name":"stderr","time":49.198070737,"data":"403 Client Error. (Request ID: Root=1-69d3ef03-5a5ae5751507b6f321aefef9;1272a1a6-591b-4c67-a8bb-1f7e2796de3e)\n"}
,{"stream_name":"stderr","time":49.198074686,"data":"\n"}
,{"stream_name":"stderr","time":49.198078122,"data":"Cannot access gated repo for url https://huggingface.co/google/gemma-2-2b-it/resolve/main/config.json.\n"}
,{"stream_name":"stderr","time":49.198081869,"data":"Access to model google/gemma-2-2b-it is restricted and you are not in the authorized list. Visit https://huggingface.co/google/gemma-2-2b-it to ask for access.\n"}
,{"stream_name":"stderr","time":55.394359506,"data":"/usr/local/lib/python3.12/dist-packages/mistune.py:435: SyntaxWarning: invalid escape sequence '\\|'\n"}
,{"stream_name":"stderr","time":55.39439395,"data":"  cells[i][c] = re.sub('\\\\\\\\\\|', '|', cell)\n"}
,{"stream_name":"stderr","time":55.725054926,"data":"/usr/local/lib/python3.12/dist-packages/nbconvert/filters/filter_links.py:36: SyntaxWarning: invalid escape sequence '\\_'\n"}
,{"stream_name":"stderr","time":55.725088084,"data":"  text = re.sub(r'_', '\\_', text) # Escape underscores in display text\n"}
,{"stream_name":"stderr","time":56.406033835,"data":"[NbConvertApp] Converting notebook __script__.ipynb to html\n"}
,{"stream_name":"stderr","time":57.990373139,"data":"[NbConvertApp] Writing 310745 bytes to __results__.html\n"}
]